V3 10
FL /home/ise/tutorias_DSD/FF_estructurados/ff_d.vhd 2024/12/19.04:20:51 P.20131013
EN work/ff_d 1734582249 FL /home/ise/tutorias_DSD/FF_estructurados/ff_d.vhd \
      PB ieee/std_logic_1164 1381692176
AR work/ff_d/Behavioral 1734582250 \
      FL /home/ise/tutorias_DSD/FF_estructurados/ff_d.vhd EN work/ff_d 1734582249
FL /home/ise/tutorias_DSD/FF_estructurados/serie_paralelo.vhd 2024/12/19.04:34:56 P.20131013
EN work/serie_paralelo 1734582922 \
      FL /home/ise/tutorias_DSD/FF_estructurados/serie_paralelo.vhd \
      PB ieee/std_logic_1164 1381692176
AR work/serie_paralelo/Behavioral 1734582923 \
      FL /home/ise/tutorias_DSD/FF_estructurados/serie_paralelo.vhd \
      EN work/serie_paralelo 1734582922 CP work/ff_d
FL /home/ise/tutorias_DSD/FF_estructurados/serie_serie.vhd 2024/12/19.04:23:13 P.20131013
EN work/serie_serie 1734582251 \
      FL /home/ise/tutorias_DSD/FF_estructurados/serie_serie.vhd \
      PB ieee/std_logic_1164 1381692176
AR work/serie_serie/Behavioral 1734582252 \
      FL /home/ise/tutorias_DSD/FF_estructurados/serie_serie.vhd \
      EN work/serie_serie 1734582251 CP work/ff_d
